13:53:56 **** Auto Build of configuration Debug for project memTest ****
make pre-build main-build 
a9-linaro-pre-build-step
' '
'Building file: ../src/test01.c'
'Invoking: ARM v7 gcc compiler'
arm-none-eabi-gcc -Wall -O0 -g3 -c -fmessage-length=0 -MT"src/test01.o" -mcpu=cortex-a9 -mfpu=vfpv3 -mfloat-abi=hard -I../../fsbl_bsp/ps7_cortexa9_0/include -MMD -MP -MF"src/test01.d" -MT"src/test01.o" -o "src/test01.o" "../src/test01.c"
'Finished building: ../src/test01.c'
' '
'Building target: memTest.elf'
'Invoking: ARM v7 gcc linker'
arm-none-eabi-gcc -mcpu=cortex-a9 -mfpu=vfpv3 -mfloat-abi=hard -Wl,-build-id=none -specs=Xilinx.spec -Wl,-T -Wl,../src/lscript.ld -L../../fsbl_bsp/ps7_cortexa9_0/lib -o "memTest.elf"  ./src/test01.o ./src/translation_table.o   -Wl,--start-group,-lxil,-lgcc,-lc,--end-group -Wl,--start-group,-lxilffs,-lxil,-lgcc,-lc,--end-group -Wl,--start-group,-lrsa,-lxil,-lgcc,-lc,--end-group
'Finished building target: memTest.elf'
' '
'Invoking: ARM v7 Print Size'
arm-none-eabi-size memTest.elf  |tee "memTest.elf.size"
   text	   data	    bss	    dec	    hex	filename
 109308	   4820	  67232	 181360	  2c470	memTest.elf
'Finished building: memTest.elf.size'
' '

13:53:57 Build Finished (took 1s.623ms)

